=== i1620_sys.c — 607 строк ===
Источник: i1620_sys.c | Автогенерация: scripts/gen_code_map.sh
Регенерировать: test i1620_sys.c -nt .cline/maps/i1620_sys.c.map

=== ГЛОБАЛЬНЫЕ ПЕРЕМЕННЫЕ ===
| Имя | Стр | Назначение |
|-----|-----|------------|
| cpu_dev | 36 | |
| ptr_dev | 37 | |
| lpt_dev | 38 | |
| cdr_dev | 39 | |
| dp_dev | 40 | |
| cpu_unit | 41 | |
| cpu_reg | 42 | |
| sim_name | 55 | |
| sim_PC | 57 | |
| sim_emax | 59 | |
| col | 128 | |
| ptr | 129 | |
| cct_lnt | 131 | |
| cct | 132 | |
| cbuf | 133 | |
| ptr | 137 | |
| cct_lnt | 162 | |
| cct_ptr | 163 | |
| SCPE_OK | 166 | |
| return | 303 | |
| NULL | 331 | |
| pmp | 352 | |
| op | 353 | |
| opstr | 354 | |
| idx_tst | 455 | |
| tptr | 456 | |
| index | 477 | |
| SCPE_OK | 488 | |
| la | 507 | |
| qv | 559 | |

=== КЛЮЧЕВЫЕ КОНСТАНТЫ / #define ===
| Имя | Значение | Стр |
|-----|----------|-----|
| LINE_LNT | 50 | 34 |
| I_V_FL | 16                              ... | 177 |
| I_M_QX | 0x01                            ... | 178 |
| I_M_QM | 0x02                            ... | 179 |
| I_M_QNP | 0x00                            ... | 180 |
| I_M_QCP | 0x04                            ... | 181 |
| I_M_QP | 0x08                            ... | 182 |
| I_M_PCP | 0x00                            ... | 183 |
| I_M_PP | 0x10                            ... | 184 |
| I_GETQF(x) | (((x) >> I_V_FL) & 0x03) | 185 |
| I_GETQP(x) | (((x) >> I_V_FL) & 0x0C) | 186 |
| I_GETPP(x) | (((x) >> I_V_FL) & 0x10) | 187 |
| I_2 | ((I_M_PP \| I_M_QP \| I_M_QX) << I... | 189 |
| I_2M | ((I_M_PP \| I_M_QP \| I_M_QM) << I... | 190 |
| I_2X | ((I_M_PP \| I_M_QP \| I_M_QX \| I_M... | 191 |
| I_2S | ((I_M_PP \| I_M_QP) << I_V_FL) | 192 |
| I_1 | ((I_M_PP \| I_M_QCP) << I_V_FL) | 193 |
| I_1E | ((I_M_PP \| I_M_QNP) << I_V_FL) | 194 |
| I_0 | ((I_M_PCP \| I_M_QCP) << I_V_FL) | 195 |
| I_0E | ((I_M_PCP \| I_M_QNP) << I_V_FL) | 196 |
| FMTASC(x) | ((x) < 040)? "<%03o>": "%c", (x) | 347 |

=== ФУНКЦИИ ===
| Имя | Строки | Назначение |
|-----|--------|------------|
| sim_load | 126-137 |  |
| for | 138-282 |  |
| fprint_addr | 283-287 |  |
| if | 288-293 |  |
| if | 294-316 |  |
| opc_lookup | 317-320 |  |
| for | 321-357 |  |
| if | 358-372 |  |
| if | 373-384 |  |
| if | 385-405 |  |
| for | 406-416 |  |
| if | 417-431 |  |
| if | 432-438 |  |
| for | 439-451 |  |
| parse_addr | 452-459 |  |
| if | 460-479 |  |
| for | 480-503 |  |
| parse_sym | 504-511 |  |
| if | 512-530 |  |
| if | 531-549 |  |
| for | 550-559 |  |
| for | 560-566 |  |
| if | 567-573 |  |
| if | 574-585 |  |
| while | 586-607 |  |
