=== i7094_cpu1.c — 947 строк ===
Источник: i7094_cpu1.c | Автогенерация: scripts/gen_code_map.sh
Регенерировать: test i7094_cpu1.c -nt .cline/maps/i7094_cpu1.c.map

=== СТРУКТУРЫ / TYPEDEF ===
| Имя | Строки |
|-----|--------|
| UFP | 55-59 |

=== ГЛОБАЛЬНЫЕ ПЕРЕМЕННЫЕ ===
| Имя | Стр | Назначение |
|-----|-----|------------|
| AC | 43 | |
| PC | 44 | |
| SLT | 45 | |
| cpu_model | 46 | |
| ind_ovf | 47 | |
| mode_ttrap | 48 | |
| mode_storn | 49 | |
| chtr_pend | 50 | |
| ch_flags | 51 | |
| mop | 79 | |
| return | 92 | |
| sign | 99 | |
| return | 121 | |
| signa | 128 | |
| MQ | 138 | |
| sc | 158 | |
| return | 167 | |
| sc | 172 | |
| return | 177 | |
| return | 193 | |
| sc | 198 | |
| mac | 199 | |
| return | 219 | |
| return | 233 | |
| sc | 238 | |
| mac | 239 | |
| return | 256 | |
| ch | 263 | |
| SCPE_OK | 408 | |
| SCPE_OK | 524 | |
| op1 | 539 | |
| mqch | 540 | |
| mqch | 580 | |
| op1 | 588 | |
| mqch | 589 | |
| f1h | 590 | |
| op1 | 621 | |
| mqch | 622 | |
| spill | 623 | |
| rem | 624 | |
| op1 | 669 | |
| mqch | 670 | |
| mqch | 716 | |
| op1 | 731 | |
| mqch | 732 | |
| f1h | 733 | |
| tx | 734 | |
| op1 | 812 | |
| mqch | 813 | |
| csign | 814 | |
| f1h | 815 | |
| op1.fr | 858 | |
| op | 870 | |
| spill | 871 | |
| spill | 885 | |
| dvr | 892 | |
| return | 909 | |
| return | 926 | |
| spill | 933 | |
| spill | 941 | |
| spill | 946 | |

=== КЛЮЧЕВЫЕ КОНСТАНТЫ / #define ===
| Имя | Значение | Стр |
|-----|----------|-----|
| FP_HIFRAC(x) | ((uint32) ((x) >> FP_N_FR) & FP_... | 35 |
| FP_LOFRAC(x) | ((uint32) (x) & FP_FMASK) | 36 |
| FP_PACK38(s,e,f) | (((s)? AC_S: 0) \| ((t_uint64) (f... | 38 |
| FP_PACK36(s,e,f) | (((s)? SIGN: 0) \| ((t_uint64) (f... | 40 |

=== ФУНКЦИИ ===
| Имя | Строки | Назначение |
|-----|--------|------------|
| op_add | 76-81 |  |
| if | 82-96 |  |
| op_mpy | 97-106 |  |
| if | 107-115 |  |
| if | 116-125 |  |
| op_div | 126-138 |  |
| while | 139-155 |  |
| op_als | 156-169 |  |
| op_ars | 170-179 |  |
| op_lls | 180-184 |  |
| for | 185-195 |  |
| op_lrs | 196-201 |  |
| if | 202-221 |  |
| op_lgl | 222-225 |  |
| for | 226-235 |  |
| op_lgr | 236-240 |  |
| if | 241-260 |  |
| op_pse | 261-264 |  |
| switch | 265-412 |  |
| op_mse | 413-416 |  |
| switch | 417-536 |  |
| op_fad | 537-544 |  |
| if | 545-553 |  |
| if | 554-558 |  |
| if | 559-572 |  |
| if | 573-585 |  |
| op_fmp | 586-594 |  |
| if | 595-603 |  |
| if | 604-618 |  |
| op_fdv | 619-628 |  |
| if | 629-632 |  |
| if | 633-638 |  |
| if | 639-666 |  |
| op_dfad | 667-673 |  |
| if | 674-689 |  |
| if | 690-694 |  |
| if | 695-708 |  |
| if | 709-728 |  |
| op_dfmp | 729-751 |  |
| if | 752-764 |  |
| if | 765-809 |  |
| op_dfdv | 810-822 |  |
| if | 823-826 |  |
| if | 827-832 |  |
| if | 833-846 |  |
| if | 847-867 |  |
| op_frnd | 868-873 |  |
| if | 874-889 |  |
| fp_fracdiv | 890-899 |  |
| fp_norm | 900-904 |  |
| while | 905-913 |  |
| fp_unpack | 914-915 |  |
| if | 916-930 |  |
| fp_pack | 931-947 |  |
