=== imlac_dp.c — 577 строк ===
Источник: imlac_dp.c | Автогенерация: scripts/gen_code_map.sh
Регенерировать: test imlac_dp.c -nt .cline/maps/imlac_dp.c.map

=== ГЛОБАЛЬНЫЕ ПЕРЕМЕННЫЕ ===
| Имя | Стр | Назначение |
|-----|-----|------------|
| DPC | 35 | |
| DT | 36 | |
| SP | 37 | |
| ON | 38 | |
| HALT | 39 | |
| MODE | 40 | |
| XMSB | 41 | |
| XLSB | 42 | |
| SCALE | 43 | |
| BLOCK | 44 | |
| MIT8K | 45 | |
| SGR | 46 | |
| SYNC | 47 | |
| HZ | 48 | |

=== КЛЮЧЕВЫЕ КОНСТАНТЫ / #define ===
| Имя | Значение | Стр |
|-----|----------|-----|
| DBG | 0001 | 30 |
| DP_ALPHA | 0001 | 33 |

=== ФУНКЦИИ ===
| Имя | Строки | Назначение |
|-----|--------|------------|
| dp_on | 137-154 |  |
| dp_is_on | 155-160 |  |
| dp_iot | 161-183 |  |
| deflect | 184-191 |  |
| increment | 192-203 |  |
| decrement | 204-215 |  |
| scale_or_one | 216-227 |  |
| load_xy_accumulator | 228-237 |  |
| dp_opr | 238-308 |  |
| jump | 309-318 |  |
| dp_sgr | 319-339 |  |
| dp_opt | 340-363 |  |
| dp_inc_vector | 364-395 |  |
| dp_inc_escape | 396-429 |  |
| dp_inc | 430-441 |  |
| dp_deim | 442-449 |  |
| dp_dlvh | 450-475 |  |
| dp_insn | 476-517 |  |
| dp_svc | 518-547 |  |
| dp_reset | 548-554 |  |
| sync_svc | 555-565 |  |
| sync_iot | 566-577 |  |
