=== pdp18b_fpp.c — 910 строк ===
Источник: pdp18b_fpp.c | Автогенерация: scripts/gen_code_map.sh
Регенерировать: test pdp18b_fpp.c -nt .cline/maps/pdp18b_fpp.c.map

=== СТРУКТУРЫ / TYPEDEF ===
| Имя | Строки |
|-----|--------|
| UFP | 132-137 |

=== ГЛОБАЛЬНЫЕ ПЕРЕМЕННЫЕ ===
| Имя | Стр | Назначение |
|-----|-----|------------|
| pcq_p | 154 | |
| PC | 155 | |
| trap_pending | 156 | |
| ar | 233 | |
| sta | 234 | |
| fmb.exp | 373 | |
| SCPE_OK | 375 | |
| FP_OK | 424 | |
| sta | 430 | |
| FP_OK | 488 | |
| FP_OK | 508 | |
| FP_OK | 521 | |
| sc | 560 | |
| FP_OK | 574 | |
| ediff | 585 | |
| FP_OK | 679 | |
| return | 690 | |
| return | 699 | |
| return | 715 | |
| fmq.lo | 740 | |
| return | 753 | |
| return | 768 | |
| a->hi | 780 | |
| return | 781 | |
| return | 796 | |
| a->hi | 806 | |
| b->hi | 807 | |
| a->lo | 809 | |
| b->lo | 810 | |
| return | 811 | |
| return | 838 | |
| a->lo | 850 | |
| FP_OK | 878 | |
| ma | 885 | |
| SCPE_OK | 896 | |
| jea | 903 | |
| fir | 904 | |
| fguard | 905 | |
| fma.exp | 906 | |
| fmb.exp | 907 | |
| fmq.exp | 908 | |
| SCPE_OK | 909 | |

=== КЛЮЧЕВЫЕ КОНСТАНТЫ / #define ===
| Имя | Значение | Стр |
|-----|----------|-----|
| FI_V_OP | 8                               ... | 82 |
| FI_M_OP | 017 | 83 |
| FI_GETOP(x) | (((x) >> FI_V_OP) & FI_M_OP) | 84 |
| FI_NOLOAD | 0200                            ... | 85 |
| FI_DP | 0100                            ... | 86 |
| FI_FP | 0040                            ... | 87 |
| FI_NONORM | 0020                            ... | 88 |
| FI_NORND | 0010                            ... | 89 |
| FI_V_SGNOP | 0                               ... | 90 |
| FI_M_SGNOP | 03 | 91 |
| FI_GETSGNOP(x) | (((x) >> FI_V_SGNOP) & FI_M_SGNOP) | 92 |
| JEA_V_SIGN | 17                              ... | 96 |
| JEA_V_GUARD | 16                              ... | 97 |
| JEA_EAMASK | 077777                          ... | 98 |
| JEA_OFF_OVF | 0                               ... | 99 |
| JEA_OFF_UNF | 2                               ... | 100 |
| JEA_OFF_DIV | 4                               ... | 101 |
| JEA_OFF_MM | 6                               ... | 102 |
| FP_OK | 0                               ... | 106 |
| FP_OVF | (JEA_OFF_OVF + 1)               ... | 107 |
| FP_UNF | (JEA_OFF_UNF + 1)               ... | 108 |
| FP_DIV | (JEA_OFF_DIV + 1)               ... | 109 |
| FP_MM | (JEA_OFF_MM + 1)                ... | 110 |
| UFP_FH_CARRY | 0400000                         ... | 114 |
| UFP_FH_NORM | 0200000                         ... | 115 |
| UFP_FH_MASK | 0377777                         ... | 116 |
| UFP_FL_MASK | 0777777                         ... | 117 |
| UFP_FL_SMASK | 0777000                         ... | 118 |
| UFP_FL_SRND | 0000400                         ... | 119 |
| GET_SIGN(x) | (((x) >> 17) & 1) | 121 |
| SEXT18(x) | (((x) & SIGN)? ((x) \| ~DMASK): (... | 122 |
| SEXT9(x) | (((x) & 0400)? ((x) \| ~0377): ((... | 123 |

=== ФУНКЦИИ ===
| Имя | Строки | Назначение |
|-----|--------|------------|
| fp15 | 231-251 |  |
| switch | 252-379 |  |
| fp15_opnd | 380-391 |  |
| for | 392-396 |  |
| if | 397-426 |  |
| fp15_store | 427-432 |  |
| if | 433-482 |  |
| for | 483-494 |  |
| fp15_iadd | 495-512 |  |
| fp15_imul | 513-535 |  |
| fp15_idiv | 536-551 |  |
| if | 552-555 |  |
| while | 556-560 |  |
| for | 561-582 |  |
| fp15_fadd | 583-588 |  |
| if | 589-592 |  |
| if | 593-618 |  |
| fp15_fmul | 619-629 |  |
| fp15_fdiv | 630-638 |  |
| if | 639-659 |  |
| fp15_fix | 660-685 |  |
| dp_add | 686-694 |  |
| dp_inc | 695-703 |  |
| dp_sub | 704-705 |  |
| if | 706-719 |  |
| dp_cmp | 720-734 |  |
| dp_mul | 735-743 |  |
| if | 744-747 |  |
| for | 748-757 |  |
| dp_lsh_1 | 758-763 |  |
| if | 764-772 |  |
| dp_rsh_1 | 773-774 |  |
| if | 775-785 |  |
| dp_dnrm_r | 786-800 |  |
| dp_swap | 801-815 |  |
| fp15_asign | 816-819 |  |
| switch | 820-846 |  |
| fp15_norm | 847-850 |  |
| if | 851-854 |  |
| if | 855-863 |  |
| if | 864-882 |  |
| fp15_exc | 883-900 |  |
| fp15_reset | 901-910 |  |
