=== rom_rev2_demon_bin.h — 4163 строк ===
Источник: rom_rev2_demon_bin.h | Автогенерация: scripts/gen_code_map.sh
Регенерировать: test rom_rev2_demon_bin.h -nt .cline/maps/rom_rev2_demon_bin.h.map

=== КЛЮЧЕВЫЕ КОНСТАНТЫ / #define ===
| Имя | Значение | Стр |
|-----|----------|-----|
| ROM_rom_rev2_demon_bin_H | 0 | 2 |
| BOOT_CODE_SIZE | 0x10000 | 10 |
| BOOT_CODE_CHECKSUM | 0xFFB345BB | 12 |
| BOOT_CODE_FILENAME | "rom_rev2_demon.bin" | 14 |
| BOOT_CODE_FILEPATH | "3B2/rom_rev2_demon.bin" | 16 |
| BOOT_CODE_ARRAY | NULL | 19 |
| BOOT_CODE_ARRAY | rom_rev2_demon_bin | 21 |
| BOOT_CODE_SIZE_1 | 0x10000 | 24 |
| BOOT_CODE_CHECKSUM_1 | 0xFFB345BB | 25 |
| BOOT_CODE_FILENAME_1 | "rom_rev2_demon.bin" | 26 |
| BOOT_CODE_FILEPATH_1 | "3B2/rom_rev2_demon.bin" | 27 |
| BOOT_CODE_ARRAY_1 | NULL | 29 |
| BOOT_CODE_ARRAY_1 | rom_rev2_demon_bin | 31 |
| BOOT_CODE_SIZE_2 | 0x10000 | 34 |
| BOOT_CODE_CHECKSUM_2 | 0xFFB345BB | 35 |
| BOOT_CODE_FILENAME_2 | "rom_rev2_demon.bin" | 36 |
| BOOT_CODE_FILEPATH_2 | "3B2/rom_rev2_demon.bin" | 37 |
| BOOT_CODE_ARRAY_2 | NULL | 39 |
| BOOT_CODE_ARRAY_2 | rom_rev2_demon_bin | 41 |
| BOOT_CODE_SIZE_3 | 0x10000 | 44 |
| BOOT_CODE_CHECKSUM_3 | 0xFFB345BB | 45 |
| BOOT_CODE_FILENAME_3 | "rom_rev2_demon.bin" | 46 |
| BOOT_CODE_FILEPATH_3 | "3B2/rom_rev2_demon.bin" | 47 |
| BOOT_CODE_ARRAY_3 | NULL | 49 |
| BOOT_CODE_ARRAY_3 | rom_rev2_demon_bin | 51 |
| BOOT_CODE_SIZE_4 | 0x10000 | 54 |
| BOOT_CODE_CHECKSUM_4 | 0xFFB345BB | 55 |
| BOOT_CODE_FILENAME_4 | "rom_rev2_demon.bin" | 56 |
| BOOT_CODE_FILEPATH_4 | "3B2/rom_rev2_demon.bin" | 57 |
| BOOT_CODE_ARRAY_4 | NULL | 59 |
| BOOT_CODE_ARRAY_4 | rom_rev2_demon_bin | 61 |

