=== sds_mt.c — 517 строк ===
Источник: sds_mt.c | Автогенерация: scripts/gen_code_map.sh
Регенерировать: test sds_mt.c -nt .cline/maps/sds_mt.c.map

=== ГЛОБАЛЬНЫЕ ПЕРЕМЕННЫЕ ===
| Имя | Стр | Назначение |
|-----|-----|------------|
| xfr_req | 62 | |
| stop_invins | 63 | |
| mt_dib | 123 | |
| chr | 193 | |
| SCPE_OK | 333 | |
| SCPE_OK | 350 | |
| tbc | 357 | |
| st | 358 | |
| SCPE_OK | 389 | |
| return | 405 | |
| st | 413 | |
| passed_eot | 414 | |
| mt_bptr | 441 | |
| SCPE_OK | 446 | |
| return | 458 | |
| mt_gap | 468 | |
| mt_skip | 469 | |
| mt_inst | 470 | |
| mt_bptr | 471 | |
| SCPE_OK | 478 | |
| uptr->botf | 490 | |
| uptr->eotf | 491 | |
| SCPE_OK | 492 | |
| uptr->botf | 497 | |
| SCPE_OK | 516 | |

=== КЛЮЧЕВЫЕ КОНСТАНТЫ / #define ===
| Имя | Значение | Стр |
|-----|----------|-----|
| MT_MAXFR | (32768 * 4) | 56 |
| MT_NUMDR | 8                               ... | 57 |
| MT_UNIT | 07 | 58 |

=== ФУНКЦИИ ===
| Имя | Строки | Назначение |
|-----|--------|------------|
| mt | 188-195 |  |
| switch | 196-337 |  |
| mt_svc | 338-339 |  |
| if | 340-354 |  |
| mt_readrec | 355-359 |  |
| if | 360-371 |  |
| if | 372-377 |  |
| if | 378-393 |  |
| mt_readend | 394-409 |  |
| mt_wrend | 410-418 |  |
| if | 419-422 |  |
| if | 423-427 |  |
| if | 428-450 |  |
| mt_set_err | 451-461 |  |
| mt_reset | 462-472 |  |
| for | 473-482 |  |
| mt_attach | 483-494 |  |
| mt_detach | 495-502 |  |
| mt_boot | 503-517 |  |
